['Each input consists of two sentences, where one is the cause and the other is the outcome. Write The cause sentence', 'The input consists of two sentences. One is the cause of the other. Write the cause sentence', 'The input is a cause and effect. Write the cause.', 'The input is a cause and effect, write the cause', 'Find the cause in the following cause and effect pair', 'Output the sentence describing the cause (the other sentence is what happened as a result).', 'Output the cause (other sentence describes what happened as a result)', 'Which of the following sentences is the cause?', 'Which of the two events is the cause?']
  0%|          | 0/5 [00:00<?, ?it/s]Predictions <|begin_of_solution|>The instruction was to **output the first input sentence** when given two sentences. 

### Analysis:
- **Pattern Recognition**: Each output corresponds to the
Normalized prediction beginofsolutionthe instruction was to output the first input sentence when given two sentences
 20%|██        | 1/5 [00:06<00:24,  6.08s/it]Predictions <|begin_of_solution|>The instruction was to transform the first given sentence into its consequence. 

### Final Answer
The instruction was: Given two sentences, the first is a
Normalized prediction beginofsolutionthe instruction was to transform the first given sentence into its consequence
 40%|████      | 2/5 [00:10<00:15,  5.32s/it]Predictions <|begin_of_solution|>The instruction given was to output the first input sentence. By analyzing the input-output pairs, we observe that each output corresponds to the first input sentence provided
Normalized prediction beginofsolutionthe instruction given was to output the first input sentence
 60%|██████    | 3/5 [00:15<00:09,  4.87s/it]Predictions <|begin_of_solution|>The instruction appears to be **"The output is the second input if the first input is about a family event, a promotion, or an action leading
Normalized prediction beginofsolutionthe instruction appears to be the output is the second input if the first input is about a family event a promotion or an action leading
 80%|████████  | 4/5 [00:19<00:04,  4.55s/it]Predictions <|begin_of_solution|>The instruction was to **output the second input sentence** when the first input is the first sentence provided in the pair, and **output the first input
Normalized prediction beginofsolutionthe instruction was to output the second input sentence when the first input is the first sentence provided in the pair output the first input
100%|██████████| 5/5 [00:23<00:00,  4.40s/it]100%|██████████| 5/5 [00:23<00:00,  4.68s/it]
['which of the animals separated by , is bigger', 'output which of the animals in the input is bigger', 'Write the bigger animal of the two', 'Write the bigger animal', 'Write which of the pair of animals in each input is larger', 'For each input, write which of the two animals is bigger.', 'find the larger between the following pair of animals', 'Which of the following animals is bigger?', 'Which is bigger?']
  0%|          | 0/5 [00:00<?, ?it/s]Predictions <|begin_of_solution|>The instruction was to **output the first element** of the pair if both elements are animals, and **output the second element** otherwise. 

###
Normalized prediction beginofsolutionthe instruction was to output the first element of the pair if both elements are animals output the second element otherwise
